###############################################################################
#
# IAR ELF Linker V7.70.2.11706/W32 for ARM                03/Oct/2016  19:20:51
# Copyright 2007-2016 IAR Systems AB.
#
#    Output file  =  D:\WORK\HIH4000\EWARM\HIH4000\Exe\HIH4000.out
#    Map file     =  D:\WORK\HIH4000\EWARM\HIH4000\List\HIH4000.map
#    Command line =  
#        D:\WORK\HIH4000\EWARM\HIH4000\Obj\main.o
#        D:\WORK\HIH4000\EWARM\HIH4000\Obj\startup_stm32f407xx.o
#        D:\WORK\HIH4000\EWARM\HIH4000\Obj\stm32f4xx_hal.o
#        D:\WORK\HIH4000\EWARM\HIH4000\Obj\stm32f4xx_hal_adc.o
#        D:\WORK\HIH4000\EWARM\HIH4000\Obj\stm32f4xx_hal_adc_ex.o
#        D:\WORK\HIH4000\EWARM\HIH4000\Obj\stm32f4xx_hal_cortex.o
#        D:\WORK\HIH4000\EWARM\HIH4000\Obj\stm32f4xx_hal_dma.o
#        D:\WORK\HIH4000\EWARM\HIH4000\Obj\stm32f4xx_hal_dma_ex.o
#        D:\WORK\HIH4000\EWARM\HIH4000\Obj\stm32f4xx_hal_flash.o
#        D:\WORK\HIH4000\EWARM\HIH4000\Obj\stm32f4xx_hal_flash_ex.o
#        D:\WORK\HIH4000\EWARM\HIH4000\Obj\stm32f4xx_hal_flash_ramfunc.o
#        D:\WORK\HIH4000\EWARM\HIH4000\Obj\stm32f4xx_hal_gpio.o
#        D:\WORK\HIH4000\EWARM\HIH4000\Obj\stm32f4xx_hal_msp.o
#        D:\WORK\HIH4000\EWARM\HIH4000\Obj\stm32f4xx_hal_pwr.o
#        D:\WORK\HIH4000\EWARM\HIH4000\Obj\stm32f4xx_hal_pwr_ex.o
#        D:\WORK\HIH4000\EWARM\HIH4000\Obj\stm32f4xx_hal_rcc.o
#        D:\WORK\HIH4000\EWARM\HIH4000\Obj\stm32f4xx_hal_rcc_ex.o
#        D:\WORK\HIH4000\EWARM\HIH4000\Obj\stm32f4xx_hal_tim.o
#        D:\WORK\HIH4000\EWARM\HIH4000\Obj\stm32f4xx_hal_tim_ex.o
#        D:\WORK\HIH4000\EWARM\HIH4000\Obj\stm32f4xx_hal_uart.o
#        D:\WORK\HIH4000\EWARM\HIH4000\Obj\stm32f4xx_it.o
#        D:\WORK\HIH4000\EWARM\HIH4000\Obj\system_stm32f4xx.o --redirect
#        _Printf=_PrintfFull --redirect _Scanf=_ScanfFull -o
#        D:\WORK\HIH4000\EWARM\HIH4000\Exe\HIH4000.out --map
#        D:\WORK\HIH4000\EWARM\HIH4000\List\HIH4000.map --config
#        D:\WORK\HIH4000\EWARM/stm32f407xx_flash.icf --semihosting --entry
#        __iar_program_start --vfe
#
###############################################################################

*******************************************************************************
*** RUNTIME MODEL ATTRIBUTES
***

CppFlavor                     = *
__Heap_Handler                = Basic
__SystemLibrary               = DLib
__dlib_dynamic_initialization = normal


*******************************************************************************
*** PLACEMENT SUMMARY
***

"A0":  place at 0x08000000 { ro section .intvec };
"P1":  place in [from 0x08000000 to 0x080fffff] { ro };
"P2":  place in [from 0x20000000 to 0x2001ffff] { rw, block CSTACK, block HEAP };
initialize by copy { rw };

  Section             Kind        Address    Size  Object
  -------             ----        -------    ----  ------
"A0":                                       0x188
  .intvec             ro code  0x08000000   0x188  startup_stm32f407xx.o [1]
                             - 0x08000188   0x188

"P1":                                      0x4214
  .text               ro code  0x08000188  0x118a  xprintffull.o [3]
  .text               ro code  0x08001312    0x20  xmbtowc.o [3]
  .text               ro code  0x08001332     0xa  xsprout.o [3]
  .text               ro code  0x0800133c    0x16  strchr.o [5]
  .text               ro code  0x08001354    0x36  strlen.o [5]
  .text               ro code  0x0800138c    0x58  memchr.o [5]
  .text               ro code  0x080013e4     0xa  xmbcurmax.o [3]
  .text               ro code  0x080013f0    0xb0  xxmemxmalloc.o [3]
  .text               ro code  0x080014a0    0x1a  xwctomb.o [3]
  .text               ro code  0x080014bc    0x76  ABImemcpy_unaligned.o [5]
  .text               ro code  0x08001534    0x80  xxmemxfree.o [3]
  .text               ro code  0x080015b4    0xee  I64DivMod.o [5]
  .text               ro code  0x080016a2    0x44  xdnorm.o [4]
  .text               ro code  0x080016e8    0x2e  DblCmpLe.o [4]
  .text               ro code  0x08001718    0x2e  DblCmpGe.o [4]
  .text               ro code  0x08001748   0x114  xdscale.o [4]
  .text               ro code  0x0800185c    0x58  DblToI32.o [4]
  .text               ro code  0x080018b4    0x30  I32ToDbl.o [4]
  .text               ro code  0x080018e4   0x180  DblSub.o [4]
  .text               ro code  0x08001a64   0x1a2  DblMul.o [4]
  .text               ro code  0x08001c08   0x256  DblDiv.o [4]
  .text               ro code  0x08001e60    0x6c  localeconv.o [3]
  .text               ro code  0x08001ecc     0xe  div.o [3]
  .text               ro code  0x08001edc    0x14  setlocale.o [3]
  .text               ro code  0x08001ef0    0x60  xencoding_sb.o [3]
  .text               ro code  0x08001f50    0x2c  xgetmemchunk.o [3]
  .text               ro code  0x08001f7c     0x2  I64DivZer.o [5]
  .text               ro code  0x08001f80    0xe8  DblAdd.o [4]
  .text               ro code  0x08002068     0x2  xtls.o [3]
  .text               ro code  0x0800206c   0x69a  stm32f4xx_hal_adc.o [1]
  .text               ro code  0x08002708   0x174  stm32f4xx_hal_msp.o [1]
  .text               ro code  0x0800287c     0x2  stm32f4xx_hal_adc.o [1]
  .text               ro code  0x08002880     0x2  stm32f4xx_hal_adc_ex.o [1]
  .text               ro code  0x08002882     0x2  stm32f4xx_hal_adc.o [1]
  .text               ro code  0x08002884     0x2  stm32f4xx_hal_adc.o [1]
  .text               ro code  0x08002888   0x46a  stm32f4xx_hal_dma.o [1]
  .text               ro code  0x08002cf2     0x2  stm32f4xx_hal_adc.o [1]
  .text               ro code  0x08002cf4   0x14e  stm32f4xx_hal_cortex.o [1]
  .text               ro code  0x08002e44   0x230  stm32f4xx_hal_gpio.o [1]
  .text               ro code  0x08003074   0x392  main.o [1]
  .text               ro code  0x08003408     0xc  stm32f4xx_hal.o [1]
  .text               ro code  0x08003414    0x40  stm32f4xx_hal.o [1]
  .text               ro code  0x08003454    0x4e  FltToDbl.o [4]
  .text               ro code  0x080034a4    0x90  DblToFlt.o [4]
  .text               ro code  0x08003534    0x34  sprintf.o [3]
  .text               ro code  0x08003568   0x4dc  stm32f4xx_hal_uart.o [1]
  .text               ro code  0x08003a44    0x1a  stm32f4xx_hal.o [1]
  .text               ro code  0x08003a60   0x314  stm32f4xx_hal_rcc.o [1]
  .text               ro code  0x08003d74   0x28c  stm32f4xx_hal_rcc.o [1]
  .text               ro code  0x08004000    0x28  stm32f4xx_hal.o [1]
  .text               ro code  0x08004028    0x6c  system_stm32f4xx.o [1]
  .text               ro code  0x08004094    0x40  zero_init3.o [5]
  .text               ro code  0x080040d4    0x38  stm32f4xx_it.o [1]
  .text               ro code  0x0800410c    0x10  stm32f4xx_hal.o [1]
  .text               ro code  0x0800411c    0x38  packbits_init_single.o [5]
  .text               ro code  0x08004154    0x28  data_init.o [5]
  .text               ro code  0x0800417c    0x22  fpinit_M.o [4]
  .iar.init_table     const    0x080041a0    0x20  - Linker created -
  .text               ro code  0x080041c0    0x1a  cmain.o [5]
  .text               ro code  0x080041da     0x4  low_level_init.o [3]
  .text               ro code  0x080041de     0x4  exit.o [3]
  .text               ro code  0x080041e4     0xa  cexit.o [5]
  .text               ro code  0x080041f0    0x14  exit.o [6]
  .rodata             const    0x08004204    0x14  main.o [1]
  .rodata             const    0x08004218    0x10  stm32f4xx_hal_rcc.o [1]
  .text               ro code  0x08004228    0x10  startup_stm32f407xx.o [1]
  .text               ro code  0x08004238     0xc  cstartup_M.o [5]
  .rodata             const    0x08004244     0x8  stm32f4xx_hal_dma.o [1]
  .rodata             const    0x0800424c     0x4  main.o [1]
  .text               ro code  0x08004250     0x4  startup_stm32f407xx.o [1]
  .text               ro code  0x08004254     0x4  startup_stm32f407xx.o [1]
  .text               ro code  0x08004258     0x4  startup_stm32f407xx.o [1]
  .text               ro code  0x0800425c     0x4  startup_stm32f407xx.o [1]
  .text               ro code  0x08004260     0x4  startup_stm32f407xx.o [1]
  .text               ro code  0x08004264     0x4  startup_stm32f407xx.o [1]
  .text               ro code  0x08004268     0x4  startup_stm32f407xx.o [1]
  .text               ro code  0x0800426c     0x4  startup_stm32f407xx.o [1]
  .text               ro code  0x08004270     0x4  startup_stm32f407xx.o [1]
  .text               ro code  0x08004274     0x4  startup_stm32f407xx.o [1]
  .text               ro code  0x08004278     0x4  startup_stm32f407xx.o [1]
  .text               ro code  0x0800427c     0x4  startup_stm32f407xx.o [1]
  .text               ro code  0x08004280     0x4  startup_stm32f407xx.o [1]
  .text               ro code  0x08004284     0x4  startup_stm32f407xx.o [1]
  .text               ro code  0x08004288     0x4  startup_stm32f407xx.o [1]
  .text               ro code  0x0800428c     0x4  startup_stm32f407xx.o [1]
  .text               ro code  0x08004290     0x4  startup_stm32f407xx.o [1]
  .text               ro code  0x08004294     0x4  startup_stm32f407xx.o [1]
  .text               ro code  0x08004298     0x4  startup_stm32f407xx.o [1]
  .text               ro code  0x0800429c     0x4  startup_stm32f407xx.o [1]
  .text               ro code  0x080042a0     0x4  startup_stm32f407xx.o [1]
  .text               ro code  0x080042a4     0x4  startup_stm32f407xx.o [1]
  .text               ro code  0x080042a8     0x4  startup_stm32f407xx.o [1]
  .text               ro code  0x080042ac     0x4  startup_stm32f407xx.o [1]
  .text               ro code  0x080042b0     0x4  startup_stm32f407xx.o [1]
  .text               ro code  0x080042b4     0x4  startup_stm32f407xx.o [1]
  .text               ro code  0x080042b8     0x4  startup_stm32f407xx.o [1]
  .text               ro code  0x080042bc     0x4  startup_stm32f407xx.o [1]
  .text               ro code  0x080042c0     0x4  startup_stm32f407xx.o [1]
  .text               ro code  0x080042c4     0x4  startup_stm32f407xx.o [1]
  .text               ro code  0x080042c8     0x4  startup_stm32f407xx.o [1]
  .text               ro code  0x080042cc     0x4  startup_stm32f407xx.o [1]
  .text               ro code  0x080042d0     0x4  startup_stm32f407xx.o [1]
  .text               ro code  0x080042d4     0x4  startup_stm32f407xx.o [1]
  .text               ro code  0x080042d8     0x4  startup_stm32f407xx.o [1]
  .text               ro code  0x080042dc     0x4  startup_stm32f407xx.o [1]
  .text               ro code  0x080042e0     0x4  startup_stm32f407xx.o [1]
  .text               ro code  0x080042e4     0x4  startup_stm32f407xx.o [1]
  .text               ro code  0x080042e8     0x4  startup_stm32f407xx.o [1]
  .text               ro code  0x080042ec     0x4  startup_stm32f407xx.o [1]
  .text               ro code  0x080042f0     0x4  startup_stm32f407xx.o [1]
  .text               ro code  0x080042f4     0x4  startup_stm32f407xx.o [1]
  .text               ro code  0x080042f8     0x4  startup_stm32f407xx.o [1]
  .text               ro code  0x080042fc     0x4  startup_stm32f407xx.o [1]
  .text               ro code  0x08004300     0x4  startup_stm32f407xx.o [1]
  .text               ro code  0x08004304     0x4  startup_stm32f407xx.o [1]
  .text               ro code  0x08004308     0x4  startup_stm32f407xx.o [1]
  .text               ro code  0x0800430c     0x4  startup_stm32f407xx.o [1]
  .text               ro code  0x08004310     0x4  startup_stm32f407xx.o [1]
  .text               ro code  0x08004314     0x4  startup_stm32f407xx.o [1]
  .text               ro code  0x08004318     0x4  startup_stm32f407xx.o [1]
  .text               ro code  0x0800431c     0x4  startup_stm32f407xx.o [1]
  .text               ro code  0x08004320     0x4  startup_stm32f407xx.o [1]
  .text               ro code  0x08004324     0x4  startup_stm32f407xx.o [1]
  .text               ro code  0x08004328     0x4  startup_stm32f407xx.o [1]
  .text               ro code  0x0800432c     0x4  startup_stm32f407xx.o [1]
  .text               ro code  0x08004330     0x4  startup_stm32f407xx.o [1]
  .text               ro code  0x08004334     0x4  startup_stm32f407xx.o [1]
  .text               ro code  0x08004338     0x4  startup_stm32f407xx.o [1]
  .text               ro code  0x0800433c     0x4  startup_stm32f407xx.o [1]
  .text               ro code  0x08004340     0x4  startup_stm32f407xx.o [1]
  .text               ro code  0x08004344     0x4  startup_stm32f407xx.o [1]
  .text               ro code  0x08004348     0x4  startup_stm32f407xx.o [1]
  .text               ro code  0x0800434c     0x4  startup_stm32f407xx.o [1]
  .text               ro code  0x08004350     0x4  startup_stm32f407xx.o [1]
  .text               ro code  0x08004354     0x4  startup_stm32f407xx.o [1]
  .text               ro code  0x08004358     0x4  startup_stm32f407xx.o [1]
  .text               ro code  0x0800435c     0x4  startup_stm32f407xx.o [1]
  .text               ro code  0x08004360     0x4  startup_stm32f407xx.o [1]
  .text               ro code  0x08004364     0x4  startup_stm32f407xx.o [1]
  .text               ro code  0x08004368     0x4  startup_stm32f407xx.o [1]
  .text               ro code  0x0800436c     0x4  startup_stm32f407xx.o [1]
  .text               ro code  0x08004370     0x4  startup_stm32f407xx.o [1]
  .text               ro code  0x08004374     0x4  startup_stm32f407xx.o [1]
  .text               ro code  0x08004378     0x4  startup_stm32f407xx.o [1]
  .text               ro code  0x0800437c     0x4  startup_stm32f407xx.o [1]
  .text               ro code  0x08004380     0x4  startup_stm32f407xx.o [1]
  .text               ro code  0x08004384     0x4  startup_stm32f407xx.o [1]
  .text               ro code  0x08004388     0x4  startup_stm32f407xx.o [1]
  .rodata             const    0x0800438c     0x0  zero_init3.o [5]
  .rodata             const    0x0800438c     0x0  packbits_init_single.o [5]
  Initializer bytes   const    0x0800438c    0x10  <for P2-1>
                             - 0x0800439c  0x4214

"P2", part 1 of 3:                          0x100
  P2-1                         0x20000000   0x100  <Init block>
    .data             inited   0x20000000     0x4  system_stm32f4xx.o [1]
    __DLIB_PERTHREAD  inited   0x20000004    0x88  localeconv.o [3]
    __DLIB_PERTHREAD  inited   0x2000008c    0x74  setlocale.o [3]
                             - 0x20000100   0x100

"P2", part 2 of 3:                          0x600
  CSTACK                       0x20000100   0x400  <Block>
    CSTACK            uninit   0x20000100   0x400  <Block tail>
  HEAP                         0x20000500   0x200  <Block>
    HEAP              uninit   0x20000500   0x200  <Block tail>
                             - 0x20000700   0x600

"P2", part 3 of 3:                          0x104
  .bss                zero     0x20000700    0x60  main.o [1]
  .bss                zero     0x20000760    0x48  main.o [1]
  .bss                zero     0x200007a8    0x40  main.o [1]
  .bss                zero     0x200007e8     0x8  xxmemxmalloc.o [3]
  .bss                zero     0x200007f0     0x4  main.o [1]
  .bss                zero     0x200007f4     0x4  main.o [1]
  .bss                zero     0x200007f8     0x4  stm32f4xx_hal.o [1]
  .bss                zero     0x200007fc     0x4  xgetmemchunk.o [3]
  .bss                zero     0x20000800     0x2  main.o [1]
                             - 0x20000802   0x102


*******************************************************************************
*** INIT TABLE
***

          Address     Size
          -------     ----
Zero (__iar_zero_init3)
    1 destination range, total size 0x102:
          0x20000700  0x102

Copy/packbits (__iar_packbits_init_single3)
    1 source range, total size 0x10 (6% of destination):
          0x0800438c   0x10
    1 destination range, total size 0x100:
          0x20000000  0x100



*******************************************************************************
*** MODULE SUMMARY
***

    Module                  ro code  ro data  rw data
    ------                  -------  -------  -------
D:\WORK\HIH4000\EWARM\HIH4000\Obj: [1]
    main.o                      914       24      242
    startup_stm32f407xx.o       724
    stm32f4xx_hal.o             158                 4
    stm32f4xx_hal_adc.o       1 698
    stm32f4xx_hal_adc_ex.o        2
    stm32f4xx_hal_cortex.o      334
    stm32f4xx_hal_dma.o       1 130        8
    stm32f4xx_hal_gpio.o        560
    stm32f4xx_hal_msp.o         372
    stm32f4xx_hal_rcc.o       1 440       16
    stm32f4xx_hal_uart.o      1 244
    stm32f4xx_it.o               56
    system_stm32f4xx.o          108                 4
    -------------------------------------------------
    Total:                    8 740       48      250

command line: [2]
    -------------------------------------------------
    Total:

dl7M_tlf.a: [3]
    div.o                        14
    exit.o                        4
    localeconv.o                108        8      136
    low_level_init.o              4
    setlocale.o                  20        8      116
    sprintf.o                    52
    xencoding_sb.o               96
    xgetmemchunk.o               44                 4
    xmbcurmax.o                  10
    xmbtowc.o                    32
    xprintffull.o             4 490
    xsprout.o                    10
    xtls.o                        2
    xwctomb.o                    26
    xxmemxfree.o                128
    xxmemxmalloc.o              176                 8
    -------------------------------------------------
    Total:                    5 216       16      264

m7M_tls.a: [4]
    DblAdd.o                    232
    DblCmpGe.o                   46
    DblCmpLe.o                   46
    DblDiv.o                    598
    DblMul.o                    418
    DblSub.o                    384
    DblToFlt.o                  144
    DblToI32.o                   88
    FltToDbl.o                   78
    I32ToDbl.o                   48
    fpinit_M.o                   34
    xdnorm.o                     68
    xdscale.o                   276
    -------------------------------------------------
    Total:                    2 460

rt7M_tl.a: [5]
    ABImemcpy_unaligned.o       118
    I64DivMod.o                 238
    I64DivZer.o                   2
    cexit.o                      10
    cmain.o                      26
    cstartup_M.o                 12
    data_init.o                  40
    memchr.o                     88
    packbits_init_single.o       56
    strchr.o                     22
    strlen.o                     54
    zero_init3.o                 64
    -------------------------------------------------
    Total:                      730

shb_l.a: [6]
    exit.o                       20
    -------------------------------------------------
    Total:                       20

    Gaps                         44        2
    Linker created                        32    1 536
-----------------------------------------------------
    Grand Total:             17 210       98    2 050


*******************************************************************************
*** ENTRY LIST
***

Entry                      Address   Size  Type      Object
-----                      -------   ----  ----      ------
.iar.init_table$$Base   0x080041a0          --   Gb  - Linker created -
.iar.init_table$$Limit  0x080041c0          --   Gb  - Linker created -
?main                   0x080041c1         Code  Gb  cmain.o [5]
ADC_DMAConvCplt         0x0800267d   0x68  Code  Lc  stm32f4xx_hal_adc.o [1]
ADC_DMAError            0x080026f1   0x16  Code  Lc  stm32f4xx_hal_adc.o [1]
ADC_DMAHalfConvCplt     0x080026e5    0xa  Code  Lc  stm32f4xx_hal_adc.o [1]
ADC_IRQHandler          0x080040f1    0xa  Code  Gb  stm32f4xx_it.o [1]
ADC_Init                0x080024ff  0x166  Code  Lc  stm32f4xx_hal_adc.o [1]
ADC_VAL                 0x20000800    0x2  Data  Gb  main.o [1]
APBAHBPrescTable        0x08004218   0x10  Data  Gb  stm32f4xx_hal_rcc.o [1]
BusFault_Handler        0x080040db    0x2  Code  Gb  stm32f4xx_it.o [1]
CSTACK$$Base            0x20000100          --   Gb  - Linker created -
CSTACK$$Limit           0x20000500          --   Gb  - Linker created -
DMA2_Stream0_IRQHandler
                        0x080040fb    0xa  Code  Gb  stm32f4xx_it.o [1]
DMA_CalcBaseAndBitshift
                        0x08002c19   0x30  Code  Lc  stm32f4xx_hal_dma.o [1]
DMA_CalcBaseAndBitshift::flagBitshiftOffset
                        0x08004244    0x8  Data  Lc  stm32f4xx_hal_dma.o [1]
DMA_CheckFifoParam      0x08002c5d   0x96  Code  Lc  stm32f4xx_hal_dma.o [1]
DMA_SetConfig           0x08002beb   0x2e  Code  Lc  stm32f4xx_hal_dma.o [1]
DebugMon_Handler        0x080040e1    0x2  Code  Gb  stm32f4xx_it.o [1]
Error_Handler           0x08003405    0x2  Code  Gb  main.o [1]
HAL_ADCEx_InjectedConvCpltCallback
                        0x08002881    0x2  Code  Wk  stm32f4xx_hal_adc_ex.o [1]
HAL_ADC_ConfigChannel   0x0800237d  0x182  Code  Gb  stm32f4xx_hal_adc.o [1]
HAL_ADC_ConvCpltCallback
                        0x0800287d    0x2  Code  Wk  stm32f4xx_hal_adc.o [1]
HAL_ADC_ConvHalfCpltCallback
                        0x08002cf3    0x2  Code  Wk  stm32f4xx_hal_adc.o [1]
HAL_ADC_ErrorCallback   0x08002885    0x2  Code  Wk  stm32f4xx_hal_adc.o [1]
HAL_ADC_IRQHandler      0x080020d1  0x186  Code  Gb  stm32f4xx_hal_adc.o [1]
HAL_ADC_Init            0x0800206d   0x64  Code  Gb  stm32f4xx_hal_adc.o [1]
HAL_ADC_LevelOutOfWindowCallback
                        0x08002883    0x2  Code  Wk  stm32f4xx_hal_adc.o [1]
HAL_ADC_MspInit         0x08002767   0xac  Code  Gb  stm32f4xx_hal_msp.o [1]
HAL_ADC_Start_DMA       0x08002257  0x126  Code  Gb  stm32f4xx_hal_adc.o [1]
HAL_DMA_IRQHandler      0x080029e3  0x208  Code  Gb  stm32f4xx_hal_dma.o [1]
HAL_DMA_Init            0x08002889   0xda  Code  Gb  stm32f4xx_hal_dma.o [1]
HAL_DMA_Start_IT        0x08002963   0x80  Code  Gb  stm32f4xx_hal_dma.o [1]
HAL_Delay               0x08003a45   0x1a  Code  Wk  stm32f4xx_hal.o [1]
HAL_GPIO_Init           0x08002e45  0x1da  Code  Gb  stm32f4xx_hal_gpio.o [1]
HAL_GPIO_TogglePin      0x08003033    0xa  Code  Gb  stm32f4xx_hal_gpio.o [1]
HAL_GPIO_WritePin       0x0800301f   0x14  Code  Gb  stm32f4xx_hal_gpio.o [1]
HAL_GetTick             0x08003409    0xc  Code  Wk  stm32f4xx_hal.o [1]
HAL_IncTick             0x0800410d   0x10  Code  Wk  stm32f4xx_hal.o [1]
HAL_Init                0x08003415   0x3a  Code  Gb  stm32f4xx_hal.o [1]
HAL_InitTick            0x08004001   0x28  Code  Wk  stm32f4xx_hal.o [1]
HAL_MspInit             0x08002709   0x5e  Code  Gb  stm32f4xx_hal_msp.o [1]
HAL_NVIC_EnableIRQ      0x08002de7    0xa  Code  Gb  stm32f4xx_hal_cortex.o [1]
HAL_NVIC_SetPriority    0x08002dc5   0x22  Code  Gb  stm32f4xx_hal_cortex.o [1]
HAL_NVIC_SetPriorityGrouping
                        0x08002dbd    0x8  Code  Gb  stm32f4xx_hal_cortex.o [1]
HAL_RCC_ClockConfig     0x08003d75  0x190  Code  Gb  stm32f4xx_hal_rcc.o [1]
HAL_RCC_GetHCLKFreq     0x08003f05    0x6  Code  Gb  stm32f4xx_hal_rcc.o [1]
HAL_RCC_GetPCLK1Freq    0x08003f0b   0x20  Code  Gb  stm32f4xx_hal_rcc.o [1]
HAL_RCC_GetPCLK2Freq    0x08003f2b   0x20  Code  Gb  stm32f4xx_hal_rcc.o [1]
HAL_RCC_GetSysClockFreq
                        0x08003f61   0xa0  Code  Wk  stm32f4xx_hal_rcc.o [1]
HAL_RCC_OscConfig       0x08003a61  0x314  Code  Wk  stm32f4xx_hal_rcc.o [1]
HAL_SYSTICK_CLKSourceConfig
                        0x08002df9   0x20  Code  Gb  stm32f4xx_hal_cortex.o [1]
HAL_SYSTICK_Callback    0x08002e41    0x2  Code  Wk  stm32f4xx_hal_cortex.o [1]
HAL_SYSTICK_Config      0x08002df1    0x8  Code  Gb  stm32f4xx_hal_cortex.o [1]
HAL_SYSTICK_IRQHandler  0x08002e39    0x8  Code  Gb  stm32f4xx_hal_cortex.o [1]
HAL_UART_Init           0x08003569   0x76  Code  Gb  stm32f4xx_hal_uart.o [1]
HAL_UART_MspInit        0x08002813   0x4a  Code  Gb  stm32f4xx_hal_msp.o [1]
HAL_UART_Transmit       0x080035df   0xdc  Code  Gb  stm32f4xx_hal_uart.o [1]
HEAP$$Base              0x20000500          --   Gb  - Linker created -
HEAP$$Limit             0x20000700          --   Gb  - Linker created -
HardFault_Handler       0x080040d7    0x2  Code  Gb  stm32f4xx_it.o [1]
LoadInt                 0x080007ef   0x6e  Code  Lc  xprintffull.o [3]
MX_ADC1_Init            0x08003223   0x76  Code  Lc  main.o [1]
MX_DMA_Init             0x080032dd   0x30  Code  Lc  main.o [1]
MX_GPIO_Init            0x0800330d   0x9e  Code  Lc  main.o [1]
MX_USART3_UART_Init     0x08003299   0x44  Code  Lc  main.o [1]
MemManage_Handler       0x080040d9    0x2  Code  Gb  stm32f4xx_it.o [1]
NMI_Handler             0x080040d5    0x2  Code  Gb  stm32f4xx_it.o [1]
NVIC_EnableIRQ          0x08002d1b   0x14  Code  Lc  stm32f4xx_hal_cortex.o [1]
NVIC_EncodePriority     0x08002d51   0x3e  Code  Lc  stm32f4xx_hal_cortex.o [1]
NVIC_GetPriorityGrouping
                        0x08002d11    0xa  Code  Lc  stm32f4xx_hal_cortex.o [1]
NVIC_SetPriority        0x08002d2f   0x22  Code  Lc  stm32f4xx_hal_cortex.o [1]
NVIC_SetPriorityGrouping
                        0x08002cf5   0x1c  Code  Lc  stm32f4xx_hal_cortex.o [1]
PendSV_Handler          0x080040e3    0x2  Code  Gb  stm32f4xx_it.o [1]
RH                      0x200007f0    0x4  Data  Gb  main.o [1]
Region$$Table$$Base     0x080041a0          --   Gb  - Linker created -
Region$$Table$$Limit    0x080041c0          --   Gb  - Linker created -
SVC_Handler             0x080040df    0x2  Code  Gb  stm32f4xx_it.o [1]
SysTick_Config          0x08002d8f   0x2e  Code  Lc  stm32f4xx_hal_cortex.o [1]
SysTick_Handler         0x080040e5    0xc  Code  Gb  stm32f4xx_it.o [1]
SystemClock_Config      0x08003169   0xba  Code  Gb  main.o [1]
SystemCoreClock         0x20000000    0x4  Data  Gb  system_stm32f4xx.o [1]
SystemInit              0x08004029   0x4c  Code  Gb  system_stm32f4xx.o [1]
UART_SetConfig          0x0800372b  0x30c  Code  Lc  stm32f4xx_hal_uart.o [1]
UART_WaitOnFlagUntilTimeout
                        0x080036bb   0x70  Code  Lc  stm32f4xx_hal_uart.o [1]
UsageFault_Handler      0x080040dd    0x2  Code  Gb  stm32f4xx_it.o [1]
Vout                    0x200007f4    0x4  Data  Gb  main.o [1]
_EncodingSb_Mbtowc      0x08001f0b   0x30  Code  Gb  xencoding_sb.o [3]
_EncodingSb_Mbtowc::initial
                        0x08001f48    0x8  Data  Lc  xencoding_sb.o [3]
_EncodingSb_Wctomb      0x08001ef1   0x1a  Code  Gb  xencoding_sb.o [3]
_EncodingSb_Wctomb::initial
                        0x08001f40    0x8  Data  Lc  xencoding_sb.o [3]
_GenldFull              0x08001075  0x254  Code  Lc  xprintffull.o [3]
_IsdstStr               0x20000090    0x4  Data  Gb  setlocale.o [3]
_LdtobFull              0x08000c75  0x3fa  Code  Lc  xprintffull.o [3]
_LitobFull              0x08000b69  0x10a  Code  Lc  xprintffull.o [3]
_LocaleEncoding         0x08001edd    0xe  Code  Gb  setlocale.o [3]
_LocaleReturnString     0x200000b0   0x50  Data  Lc  setlocale.o [3]
_Locale_Profile         0x20000094   0x1c  Data  Gb  setlocale.o [3]
_Locale_aeabi_lconv     0x20000054   0x38  Data  Gb  localeconv.o [3]
_Locale_lconv           0x20000004   0x50  Data  Gb  localeconv.o [3]
_Mbtowc                 0x08001313   0x20  Code  Gb  xmbtowc.o [3]
_PrintfFull             0x08000189  0x650  Code  Gb  xprintffull.o [3]
_PutcharsFull           0x080012c9   0x2e  Code  Lc  xprintffull.o [3]
_PutstrFull             0x0800085d  0x306  Code  Lc  xprintffull.o [3]
_SProut                 0x08001333    0xa  Code  Gb  xsprout.o [3]
_TzoneStr               0x2000008c    0x4  Data  Gb  setlocale.o [3]
_Wctomb                 0x080014a1   0x1a  Code  Gb  xwctomb.o [3]
__aeabi_cdcmple         0x080016e9         Code  Gb  DblCmpLe.o [4]
__aeabi_cdrcmple        0x08001719         Code  Gb  DblCmpGe.o [4]
__aeabi_d2f             0x080034a5         Code  Gb  DblToFlt.o [4]
__aeabi_d2iz            0x0800185d         Code  Gb  DblToI32.o [4]
__aeabi_d2uiz           0x08001889         Code  Gb  DblToI32.o [4]
__aeabi_dadd            0x08001f81         Code  Gb  DblAdd.o [4]
__aeabi_ddiv            0x08001c09         Code  Gb  DblDiv.o [4]
__aeabi_dmul            0x08001a65         Code  Gb  DblMul.o [4]
__aeabi_dsub            0x080018e5         Code  Gb  DblSub.o [4]
__aeabi_f2d             0x08003455         Code  Gb  FltToDbl.o [4]
__aeabi_i2d             0x080018b5         Code  Gb  I32ToDbl.o [4]
__aeabi_ldiv0           0x08001f7d         Code  Gb  I64DivZer.o [5]
__aeabi_ui2d            0x080018c9         Code  Gb  I32ToDbl.o [4]
__aeabi_uldivmod        0x080015b5         Code  Gb  I64DivMod.o [5]
__cmain                 0x080041c1         Code  Gb  cmain.o [5]
__data_Aldata           0x200007e8    0x8  Data  Gb  xxmemxmalloc.o [3]
__data_GetMemChunk      0x08001f51   0x2c  Code  Gb  xgetmemchunk.o [3]
__data_GetMemChunk::start
                        0x200007fc    0x4  Data  Lc  xgetmemchunk.o [3]
__exit                  0x080041f1   0x14  Code  Gb  exit.o [6]
__iar_Dnorm             0x080016a3   0x44  Code  Gb  xdnorm.o [4]
__iar_Dscale            0x08001749  0x114  Code  Gb  xdscale.o [4]
__iar_Locale_lconv_init
                        0x08001e61   0x3a  Code  Gb  localeconv.o [3]
__iar_Mbcurmax          0x080013e5    0xa  Code  Gb  xmbcurmax.o [3]
__iar_Memchr            0x0800138d         Code  Gb  memchr.o [5]
__iar_Strchr            0x0800133d         Code  Gb  strchr.o [5]
__iar_d2uiz             0x08001895         Code  Gb  DblToI32.o [4]
__iar_dadd              0x08001f95         Code  Gb  DblAdd.o [4]
__iar_data_init3        0x08004155   0x28  Code  Gb  data_init.o [5]
__iar_dlib_perthread_access
                        0x08002069    0x2  Code  Gb  xtls.o [3]
__iar_dsub              0x080018f9         Code  Gb  DblSub.o [4]
__iar_dsubStart         0x0800190b         Code  Gb  DblSub.o [4]
__iar_init_vfp          0x0800417d         Code  Gb  fpinit_M.o [4]
__iar_packbits_init_single3
                        0x0800411d   0x38  Code  Gb  packbits_init_single.o [5]
__iar_program_start     0x08004239         Code  Gb  cstartup_M.o [5]
__iar_ui2d              0x080018cd         Code  Gb  I32ToDbl.o [4]
__iar_unaligned___aeabi_memcpy
                        0x080014bd         Code  Gb  ABImemcpy_unaligned.o [5]
__iar_unaligned___aeabi_memcpy4
                        0x080014dd         Code  Gb  ABImemcpy_unaligned.o [5]
__iar_unaligned___aeabi_memcpy8
                        0x080014dd         Code  Gb  ABImemcpy_unaligned.o [5]
__iar_zero_init3        0x08004095   0x40  Code  Gb  zero_init3.o [5]
__low_level_init        0x080041db    0x4  Code  Gb  low_level_init.o [3]
__vector_table          0x08000000         Data  Gb  startup_stm32f407xx.o [1]
_call_main              0x080041cd         Code  Gb  cmain.o [5]
_exit                   0x080041e5         Code  Gb  cexit.o [5]
_main                   0x080041d7         Code  Gb  cmain.o [5]
c                       0x0800424c    0x4  Data  Gb  main.o [1]
div                     0x08001ecd    0xe  Code  Gb  div.o [3]
exit                    0x080041df    0x4  Code  Gb  exit.o [3]
free                    0x08001535   0x7a  Code  Gb  xxmemxfree.o [3]
hadc1                   0x20000760   0x48  Data  Gb  main.o [1]
hdma_adc1               0x20000700   0x60  Data  Gb  main.o [1]
huart3                  0x200007a8   0x40  Data  Gb  main.o [1]
localeconv              0x08001e9b   0x16  Code  Gb  localeconv.o [3]
main                    0x08003075   0xf4  Code  Gb  main.o [1]
malloc                  0x080013f1   0xac  Code  Gb  xxmemxmalloc.o [3]
memchr                  0x0800138d         Code  Gb  memchr.o [5]
sprintf                 0x08003535   0x34  Code  Gb  sprintf.o [3]
strchr                  0x0800133d         Code  Gb  strchr.o [5]
strlen                  0x08001355         Code  Gb  strlen.o [5]
uwTick                  0x200007f8    0x4  Data  Gb  stm32f4xx_hal.o [1]


[1] = D:\WORK\HIH4000\EWARM\HIH4000\Obj
[2] = command line
[3] = dl7M_tlf.a
[4] = m7M_tls.a
[5] = rt7M_tl.a
[6] = shb_l.a

  17 210 bytes of readonly  code memory
      98 bytes of readonly  data memory
   2 050 bytes of readwrite data memory

Errors: none
Warnings: none
